---
source: src/actor.rs
expression: "final_order.iter().map(|(id, msg, state)|\nformat!(\"({}, {}, {})\", id, msg, state)).collect::<Vec<String>>().join(\"\\n\")"
---
(0, A, start)
(1, B, start)
(2, C, start)
(0, A, end)
(1, B, end)
(2, C, end)
(3, +1, start)
(3, +1, end)
(4, +2, start)
(4, +2, end)
(5, +3, start)
(5, +3, end)
